$ turbo run test
turbo 2.5.5

 WARNING  Unable to calculate transitive closures: No lockfile entry found for '@emnapi/wasi-threads'
• Packages in scope: @compozy/example-codereview, @compozy/example-memory, @compozy/example-nested-tasks, @compozy/example-schedules, @compozy/example-signals, @compozy/example-wait-task, @compozy/example-weather, @compozy/tool-delete-file, @compozy/tool-exec, @compozy/tool-fetch, @compozy/tool-grep, @compozy/tool-list-dir, @compozy/tool-list-files, @compozy/tool-read-file, @compozy/tool-write-file, docs-app
• Running test in 16 packages
• Remote caching disabled
@compozy/example-signals:test: cache hit, replaying logs d503cc989adc84e8
@compozy/example-signals:test: $ echo 'No tests configured'
@compozy/example-signals:test: No tests configured
@compozy/example-nested-tasks:test: cache hit, replaying logs 9dfb39235e1f9dec
@compozy/example-nested-tasks:test: 
@compozy/example-nested-tasks:test: [0m[2m[35m$[0m [2m[1mecho 'No tests configured'[0m
@compozy/example-nested-tasks:test: No tests configured
@compozy/example-schedules:test: cache hit, replaying logs a95f1a617e6b6022
@compozy/example-schedules:test: 
@compozy/example-schedules:test: [0m[2m[35m$[0m [2m[1mecho 'No tests configured'[0m
@compozy/example-schedules:test: No tests configured
@compozy/example-memory:test: cache hit, replaying logs c02e596a98bed2ba
@compozy/example-memory:test: $ echo 'No tests configured'
@compozy/example-memory:test: No tests configured
@compozy/example-wait-task:test: cache hit, replaying logs 741fca93defbdfa8
@compozy/example-wait-task:test: $ echo 'No tests configured'
@compozy/example-wait-task:test: No tests configured
@compozy/example-weather:test: cache hit, replaying logs bc9bc785fe9a9ce7
@compozy/example-weather:test: 
@compozy/example-weather:test: [0m[2m[35m$[0m [2m[1mecho 'No tests configured'[0m
@compozy/example-weather:test: No tests configured
@compozy/example-codereview:test: cache hit, replaying logs 4edf61b4bb8f4bae
@compozy/example-codereview:test: 
@compozy/example-codereview:test: [0m[2m[35m$[0m [2m[1mecho 'No tests configured'[0m
@compozy/example-codereview:test: No tests configured

 Tasks:    7 successful, 7 total
Cached:    7 cached, 7 total
  Time:    89ms >>> FULL TURBO

∅  .
∅  cli
∅  cli/api
∅  cli/cmd
∅  cli/cmd/auth
∅  cli/cmd/auth/bootstrap
∅  cli/cmd/auth/handlers
∅  cli/cmd/config
∅  cli/cmd/dev
∅  cli/cmd/init
∅  cli/cmd/init/components
∅  cli/cmd/mcpproxy (1ms)
∅  cli/cmd/start
∅  cli/cmd/workflow
✓  cli/helpers (cached)
✓  cli/testing (cached)
∅  cli/tui/components (1ms)
∅  cli/tui/models
∅  cli/tui/styles
∅  docs
✓  engine/agent (cached)
∅  engine/agent/router (4ms)
∅  engine/agent/uc
✓  engine/auth (cached)
∅  engine/auth/infra/postgres
✓  engine/auth/infra/redis (cached)
✓  engine/auth/model (cached)
∅  engine/auth/router
∅  engine/auth/uc
✓  engine/auth/userctx (cached)
✓  engine/autoload (cached)
✓  engine/core (cached)
✖  engine/auth/bootstrap (304ms)
✓  engine/infra/cache (cached)
∅  engine/infra/server
∅  engine/infra/monitoring/middleware
∅  engine/infra/server/appstate
∅  engine/infra/server/middleware/audit
∅  engine/infra/server/config
∅  engine/infra/server/middleware/ratelimit
∅  engine/infra/server/router
✓  engine/infra/server/middleware/auth (cached)
✓  engine/infra/monitoring/interceptor (cached)
✓  engine/infra/monitoring (cached)
✓  engine/memory/activities (cached)
✓  engine/infra/store (cached)
✓  engine/llm/adapter (cached)
✓  engine/llm (cached)
✓  engine/mcp (cached)
✓  engine/memory (cached)
✓  engine/memory/core (cached)
∅  engine/memory/router
✓  engine/memory/metrics (cached)
∅  engine/memory/testutil
✓  engine/memory/privacy (cached)
✓  engine/memory/store (cached)
✓  engine/memory/instance (cached)
✓  engine/memory/service (cached)
✓  engine/memory/instance/eviction (cached)
✓  engine/memory/instance/strategies (cached)
✓  engine/memory/uc (cached)
✓  engine/memory/tokens (cached)
✓  engine/project (cached)
✓  engine/schema (cached)
✓  engine/task/activities (cached)
✓  engine/task (cached)
∅  engine/task/router (6ms)
✓  engine/task/services (cached)
∅  engine/task/testutil
✓  engine/task/uc (cached)
∅  engine/task2/contracts
✓  engine/task2/aggregate (cached)
✓  engine/task2/composite (cached)
✓  engine/task2/basic (cached)
✓  engine/task2 (cached)
✓  engine/task2/core (cached)
✓  engine/task2/collection (cached)
✓  engine/runtime (1.906s)
∅  engine/tool/router
∅  engine/tool/uc
✓  engine/task2/memory (cached)
✓  engine/task2/router (cached)
✓  engine/tool (cached)
✓  engine/task2/wait (cached)
✓  engine/task2/signal (cached)
✓  engine/task2/parallel (cached)
✓  engine/task2/shared (cached)
∅  engine/worker/activities
∅  engine/workflow/router
∅  engine/workflow/activities
✓  engine/worker (cached)
✓  engine/worker/executors (cached)
✓  engine/workflow (cached)
∅  engine/workflow/uc
∅  pkg/config/definition
∅  pkg/release
∅  pkg/release/cmd
∅  pkg/release/internal/config
✓  engine/workflow/schedule/router (cached)
✓  pkg/release/internal/domain (cached)
✓  pkg/logger (cached)
✓  pkg/ref (cached)
✓  engine/workflow/schedule (cached)
✓  pkg/config (cached)
✓  pkg/release/internal/repository (cached)
∅  pkg/schemagen (1ms)
∅  pkg/swagger
✓  pkg/release/internal/usecase (cached)
∅  pkg/template
∅  pkg/template/templates/basic (2ms)
✓  pkg/tplengine (cached)
∅  pkg/version
∅  scripts
∅  test/fixtures (2ms)
✓  pkg/release/internal/service (1.286s)
✓  pkg/mcp-proxy (1.777s)
✓  test/helpers (cached)
✓  test/integration/mcp-proxy (cached)
✓  test/integration/repo (cached)
✓  test/integration/monitoring (cached)
✓  test/integration/store (cached)
✓  test/integration/server (cached)
✓  test/integration/task2 (cached)
✓  test/integration/task2/aggregate (cached)
✓  test/integration/task2/basic (cached)
✓  test/integration/task2/collection (cached)
✓  test/integration/task2/composite (cached)
∅  test/integration/task2/helpers
✓  test/integration/task2/core (cached)
✓  test/integration/task2/parallel (cached)
✓  pkg/release/internal/orchestrator (4.838s)
✓  test/integration/task2/router (cached)
✓  test/integration/task2/shared (cached)
✓  test/integration/task2/signal (cached)
✓  test/integration/task2/wait (cached)
∅  test/integration/worker/helpers
✓  test/integration/worker/dispatch (cached)
✓  test/integration/worker/basic (3.956s)
✓  test/integration/worker/parallel (4.384s)
✓  test/integration/worker/composite (4.62s)
✓  test/integration/worker/router (4.849s)
✓  test/integration/worker/collection (5.174s)
✓  test/integration/memory (31.419s)

=== Skipped
=== SKIP: engine/infra/store TestRunEmbeddedMigrations/Should_return_cached_error_on_subsequent_calls_after_failure (0.00s)
    migrations_test.go:132: Failure scenario requires mocking goose internals

=== SKIP: engine/runtime TestNewBunManager/Should_return_error_when_Bun_is_not_available (0.00s)
    bun_manager_test.go:110: Bun is available, skipping test

=== SKIP: engine/task2/shared TestBaseNormalizer_ProcessTemplateMap/Should_return_error_for_non-map_result (0.00s)
    base_normalizer_test.go:362: Skipping edge case test - requires complex mocking setup

=== SKIP: pkg/mcp-proxy TestNewRedisStorage/Should_skip_nil_config_test_when_real_Redis_unavailable (0.00s)
    storage_test.go:74: Skipping nil config test as it requires real Redis instance

=== SKIP: pkg/release/internal/orchestrator TestPRReleaseOrchestrator_StatePersistence (0.00s)
    pr_release_test.go:948: Temporarily disabled - tests are too fragile with exact mock call counts and need redesign for saga pattern

=== SKIP: pkg/release/internal/orchestrator TestPRReleaseOrchestrator_Idempotency (0.00s)
    pr_release_test.go:1091: Temporarily disabled - tests are too fragile with exact mock call counts and need redesign for saga pattern

=== SKIP: pkg/release/internal/orchestrator TestPRReleaseOrchestrator_ContextCancellation (0.00s)
    pr_release_test.go:1218: Temporarily disabled - tests are too fragile with exact mock call counts and need redesign for saga pattern

=== SKIP: pkg/release/internal/orchestrator TestPRReleaseOrchestrator_ConcurrentSafety/Should_handle_concurrent_executions_safely (0.00s)
    pr_release_test.go:1350: File locking implementation pending

=== SKIP: test/integration/memory TestDebugToolsCapture (0.00s)
    debug_tools_test.go:22: Debug mode not enabled (set MEMORY_TEST_DEBUG=true)

=== SKIP: test/integration/memory TestInteractiveDebugger (0.00s)
    debug_tools_test.go:203: Interactive mode not enabled (set MEMORY_TEST_INTERACTIVE=true)

=== SKIP: test/integration/memory TestDebugToolsFailureCapture (0.00s)
    debug_tools_test.go:241: Debug mode not enabled (set MEMORY_TEST_DEBUG=true)

=== Failed
=== FAIL: engine/auth/bootstrap TestService_BootstrapAdmin/Should_create_initial_admin_when_system_not_bootstrapped (0.00s)

=== FAIL: engine/auth/bootstrap TestService_BootstrapAdmin (0.00s)
panic: 
	assert: mock: I don't know what to return because the method call was unexpected.
		Either do Mock.On("CreateInitialAdminIfNone").Return(...) first, or remove the CreateInitialAdminIfNone() call.
		This method was unexpected:
			CreateInitialAdminIfNone(context.backgroundCtx,*model.User)
			0: context.backgroundCtx{emptyCtx:context.emptyCtx{}}
			1: &model.User{ID:"31tNiXSItIfVFXJhGArKMvyfjpY", Email:"admin@test.com", Role:"admin", CreatedAt:time.Date(2025, time.August, 28, 0, 5, 36, 175716000, time.UTC)}
		at: [/Users/pedronauck/Dev/compozy/compozy/engine/auth/bootstrap/service_test.go:101 /Users/pedronauck/Dev/compozy/compozy/engine/auth/uc/bootstrap_system.go:44 /Users/pedronauck/Dev/compozy/compozy/engine/auth/bootstrap/service.go:172 /Users/pedronauck/Dev/compozy/compozy/engine/auth/bootstrap/service.go:107 /Users/pedronauck/Dev/compozy/compozy/engine/auth/bootstrap/service_test.go:230] [recovered]
	panic: 
	assert: mock: I don't know what to return because the method call was unexpected.
		Either do Mock.On("CreateInitialAdminIfNone").Return(...) first, or remove the CreateInitialAdminIfNone() call.
		This method was unexpected:
			CreateInitialAdminIfNone(context.backgroundCtx,*model.User)
			0: context.backgroundCtx{emptyCtx:context.emptyCtx{}}
			1: &model.User{ID:"31tNiXSItIfVFXJhGArKMvyfjpY", Email:"admin@test.com", Role:"admin", CreatedAt:time.Date(2025, time.August, 28, 0, 5, 36, 175716000, time.UTC)}
		at: [/Users/pedronauck/Dev/compozy/compozy/engine/auth/bootstrap/service_test.go:101 /Users/pedronauck/Dev/compozy/compozy/engine/auth/uc/bootstrap_system.go:44 /Users/pedronauck/Dev/compozy/compozy/engine/auth/bootstrap/service.go:172 /Users/pedronauck/Dev/compozy/compozy/engine/auth/bootstrap/service.go:107 /Users/pedronauck/Dev/compozy/compozy/engine/auth/bootstrap/service_test.go:230]

goroutine 22 [running]:
testing.tRunner.func1.2({0x101e5ada0, 0xc000140a80})
	/Users/pedronauck/.go/src/testing/testing.go:1734 +0x2bc
testing.tRunner.func1()
	/Users/pedronauck/.go/src/testing/testing.go:1737 +0x47c
panic({0x101e5ada0?, 0xc000140a80?})
	/Users/pedronauck/.go/src/runtime/panic.go:792 +0x124
github.com/stretchr/testify/mock.(*Mock).fail(0xc0001425a0, {0x101b8a14d, 0xc1}, {0xc00013b800, 0x4, 0x4})
	/Users/pedronauck/go/pkg/mod/github.com/stretchr/testify@v1.10.0/mock/mock.go:349 +0x150
github.com/stretchr/testify/mock.(*Mock).MethodCalled(0xc0001425a0, {0x1022884c4, 0x18}, {0xc000118500, 0x2, 0x2})
	/Users/pedronauck/go/pkg/mod/github.com/stretchr/testify@v1.10.0/mock/mock.go:517 +0x6ec
github.com/stretchr/testify/mock.(*Mock).Called(0xc0001425a0, {0xc000118500, 0x2, 0x2})
	/Users/pedronauck/go/pkg/mod/github.com/stretchr/testify@v1.10.0/mock/mock.go:481 +0x150
github.com/compozy/compozy/engine/auth/bootstrap_test.(*MockRepository).CreateInitialAdminIfNone(0xc0001425a0, {0x102058608, 0x1029dd440}, 0xc0001425f0)
	/Users/pedronauck/Dev/compozy/compozy/engine/auth/bootstrap/service_test.go:101 +0xf8
github.com/compozy/compozy/engine/auth/uc.(*BootstrapSystem).Execute(0xc0000bdc78, {0x102058608, 0x1029dd440})
	/Users/pedronauck/Dev/compozy/compozy/engine/auth/uc/bootstrap_system.go:44 +0x2dc
github.com/compozy/compozy/engine/auth/bootstrap.(*Service).createInitialAdminUser(0xc0000bde40, {0x102058608, 0x1029dd440}, {0x101b5bea4, 0xe})
	/Users/pedronauck/Dev/compozy/compozy/engine/auth/bootstrap/service.go:172 +0xbc
github.com/compozy/compozy/engine/auth/bootstrap.(*Service).BootstrapAdmin(0xc0000bde40, {0x102058608, 0x1029dd440}, 0xc0000bde28)
	/Users/pedronauck/Dev/compozy/compozy/engine/auth/bootstrap/service.go:107 +0x5ec
github.com/compozy/compozy/engine/auth/bootstrap_test.TestService_BootstrapAdmin.func1(0xc000103500)
	/Users/pedronauck/Dev/compozy/compozy/engine/auth/bootstrap/service_test.go:230 +0x91c
testing.tRunner(0xc000103500, 0x10203f208)
	/Users/pedronauck/.go/src/testing/testing.go:1792 +0x184
created by testing.(*T).Run in goroutine 21
	/Users/pedronauck/.go/src/testing/testing.go:1851 +0x688

DONE 4802 tests, 11 skipped, 2 failures in 41.079s
make: *** [test] Error 1
