Start a task workflow through the shared home-scoped daemon.

The CLI resolves the workspace root and attach mode locally, ensures the daemon
is running, and then sends the workflow request over the daemon transport.

Use --multiple with one comma-separated slug list to start several task workflows
through one daemon-owned parent run. The queue runs in enqueued order by default.
Pass --parallel (or set run_multiple_mode = "parallel") to run children in
parallel with git worktree isolation, and --parallel-limit to bound the
concurrent child fanout.

Pass --parallel-tasks on a single workflow run to execute pending task files in
dependency-aware waves using the resolved [tasks.run.parallel] config.

Usage:
  compozy tasks run [slug] [flags]

Examples:
  compozy tasks run my-feature
  compozy tasks run my-feature --parallel-tasks
  compozy tasks run --multiple alpha,beta --stream
  compozy tasks run --multiple alpha,beta --detach
  compozy tasks run --multiple alpha,beta --parallel
  compozy tasks run --multiple alpha,beta --parallel --parallel-limit 3
  compozy tasks run --multiple alpha,beta --ide codex --model gpt-5.6-sol
  compozy tasks run my-feature --stream
  compozy tasks run my-feature --detach
  compozy tasks run --name my-feature --dry-run

Flags:
      --access-mode string               Runtime access policy: default keeps native safeguards; full requests the most permissive mode Compozy can configure (default "full")
      --add-dir strings                  Additional directory to allow for ACP runtimes that support extra writable roots (currently claude and codex; repeatable or comma-separated)
      --allow-out-of-order               Authorize this one task group run when declared dependencies are not complete
      --attach string                    Attach mode: auto, ui, stream, or detach (default "auto")
      --auto-commit                      Include automatic commit instructions at task/batch completion
      --detach                           Start the run without attaching a client
      --dry-run                          Only generate prompts; do not run IDE tool
      --force                            Continue after task metadata validation fails in non-interactive mode
  -h, --help                             help for run
      --ide string                       ACP runtime to use. Built-in and enabled extension runtimes are validated against the active runtime catalog. (default "codex")
      --include-completed                Include completed tasks
      --max-retries int                  Retry execution-stage ACP failures or timeouts up to N times before marking them failed
      --model string                     Model to use. Leave empty to use the selected runtime default.
      --multiple string                  Comma-separated task workflow slugs to run through one daemon-owned parent queue
      --name string                      Task workflow slug (defaults to the positional slug)
      --new                              Start a fresh parallel task-group run and branch namespace
      --no-recovery                      Disable agentic recovery for this invocation
      --parallel                         Run --multiple task workflows in parallel with git worktree isolation (overrides run_multiple_mode; valid only with --multiple)
      --parallel-limit int               Maximum number of child runs started at once in --parallel mode (overrides run_multiple_parallel_limit; must be greater than 0; valid only with --multiple) (default 2)
      --parallel-task-groups             Run selected dependency-independent task groups concurrently on isolated result branches
      --parallel-tasks                   Run this PRD task workflow in dependency-aware parallel task mode
      --reasoning-effort string          Reasoning effort for runtimes that advertise it (low, medium, high, xhigh, max, ultra). (default "medium")
      --recovery                         Enable agentic recovery for failed runs
      --recovery-ide string              ACP runtime used by the recovery agent (default "codex")
      --recovery-max-attempts int        Maximum recovery remediation and restart cycles (1-3) (default 1)
      --recovery-model string            Model used by the recovery agent (default "gpt-5.6-sol")
      --recovery-reasoning string        Reasoning effort for the recovery agent (low, medium, high, xhigh, max, ultra) (default "medium")
  -r, --recursive                        Recursively discover task_NNN.md files in subdirectories. Skips dot-, underscore-prefixed, reviews-*, adrs, and memory directories. Note: DB sync and extension Host API still operate on the slug root only.
      --retry-backoff-multiplier float   Multiplier applied to the next activity timeout after each retry (default 1.5)
      --skip-validation                  Skip task metadata preflight; use only when tasks were validated separately
      --stream                           Force textual stream attach mode
      --tail-lines int                   Maximum number of log lines to retain in UI per job (0 = full history)
      --task-runtime task-runtime        Per-task runtime override rule for task runs (repeatable). Use key=value pairs such as type=frontend,ide=codex,model=gpt-5.6-sol or id=task_01,reasoning-effort=xhigh
      --timeout string                   Activity timeout duration (e.g., 5m, 30s). Job canceled if no output received within this period. (default "10m")
      --ui                               Force interactive UI attach mode
