KEY                                      VALUE
---                                      -----
attachments.allowed_mime_types.audio     audio/*
attachments.allowed_mime_types.image     image/*
attachments.allowed_mime_types.pdf       application/pdf
attachments.allowed_mime_types.video     video/*
attachments.download_timeout             30s
attachments.http_user_agent              Compozy/1.0
attachments.max_download_size_bytes      10000000
attachments.max_redirects                3
attachments.mime_head_max_bytes          512
attachments.pdf_extract_max_chars        1000000
attachments.ssrf_strict                  false
attachments.text_part_max_bytes          5242880
cache.compression_enabled                true
cache.compression_threshold              1024
cache.enabled                            true
cache.eviction_policy                    lru
cache.key_scan_count                     100
cache.max_item_size                      1048576
cache.prefix                             compozy:cache:
cache.stats_interval                     5m0s
cache.ttl                                24h0m0s
cli.api_key                              
cli.base_url                             http://localhost:5001
cli.color_mode                           auto
cli.config_file                          
cli.cwd                                  
cli.debug                                false
cli.default_format                       tui
cli.env_file                             
cli.interactive                          false
cli.max_retries                          3
cli.mode                                 auto
cli.page_size                            50
cli.port_release_poll_interval           100ms
cli.port_release_timeout                 5s
cli.quiet                                false
cli.timeout                              30s
database.auto_migrate                    true
database.host                            localhost
database.migration_timeout               2m0s
database.name                            compozy
database.password                        
database.port                            5432
database.ssl_mode                        disable
database.user                            postgres
knowledge.chunk_overlap                  120
knowledge.chunk_size                     800
knowledge.embedder_batch_size            512
knowledge.max_markdown_file_size_bytes   4194304
knowledge.retrieval_min_score            0
knowledge.retrieval_top_k                5
knowledge.vector_http_timeout            10s
limits.max_config_file_nesting_depth     100
limits.max_config_file_size              10485760
limits.max_message_content               10240
limits.max_nesting_depth                 20
limits.max_string_length                 10485760
limits.max_task_context_depth            5
limits.max_total_content_size            102400
limits.parent_update_batch_size          100
llm.allowed_mcp_names                    
llm.context_compaction_cooldown          2
llm.context_compaction_threshold         0.85
llm.context_warning_thresholds           0.7,0.85
llm.enable_context_compaction            false
llm.enable_dynamic_prompt_state          false
llm.enable_loop_restarts                 false
llm.enable_progress_tracking             false
llm.fail_on_mcp_registration_error       false
llm.max_concurrent_tools                 10
llm.max_consecutive_successes            3
llm.max_sequential_tool_errors           10
llm.max_tool_iterations                  100
llm.mcp_client_timeout                   30s
llm.mcp_header_template_strict           false
llm.mcp_readiness_poll_interval          200ms
llm.mcp_readiness_timeout                1m0s
llm.no_progress_threshold                3
llm.provider_timeout                     5m0s
llm.restart_stall_threshold              2
llm.retry_attempts                       3
llm.retry_backoff_base                   100ms
llm.retry_backoff_max                    10s
llm.retry_jitter                         true
llm.retry_jitter_percent                 10
llm.structured_output_retries            2
llm.tool_call_caps.overrides             
mcp_proxy.base_url                       
mcp_proxy.host                           127.0.0.1
mcp_proxy.mode                           standalone
mcp_proxy.port                           6001
mcp_proxy.shutdown_timeout               10s
memory.max_entries                       10000
memory.prefix                            compozy:memory:
memory.ttl                               24h0m0s
mode                                     distributed
ratelimit.api_key_rate.limit             100
ratelimit.api_key_rate.period            1m0s
ratelimit.global_rate.limit              100
ratelimit.global_rate.period             1m0s
ratelimit.max_retry                      3
ratelimit.prefix                         compozy:ratelimit:
redis.db                                 0
redis.dial_timeout                       5s
redis.host                               localhost
redis.max_idle_conns                     0
redis.max_retries                        3
redis.max_retry_backoff                  512ms
redis.min_idle_conns                     0
redis.min_retry_backoff                  8ms
redis.mode                               standalone
redis.notification_buffer_size           100
redis.ping_timeout                       1s
redis.pool_size                          10
redis.pool_timeout                       4s
redis.port                               6379
redis.read_timeout                       3s
redis.tls_enabled                        false
redis.write_timeout                      3s
runtime.async_token_counter_buffer_size  100
runtime.async_token_counter_workers      4
runtime.dispatcher_heartbeat_interval    30s
runtime.dispatcher_heartbeat_ttl         1m30s
runtime.dispatcher_stale_threshold       2m0s
runtime.environment                      development
runtime.log_level                        info
runtime.task_execution_timeout_default   1m0s
runtime.task_execution_timeout_max       5m0s
runtime.tool_execution_timeout           1m0s
server.cors_enabled                      true
server.host                              0.0.0.0
server.port                              5001
server.timeout                           30s
server.timeouts.knowledge_ingest         5m0s
stream.agent.default_poll                500ms
stream.agent.heartbeat_frequency         15s
stream.agent.max_poll                    2s
stream.agent.min_poll                    250ms
tasks.retry.child_state.base_backoff     50ms
tasks.retry.child_state.max_attempts     5
tasks.stream.max_chunks                  100
tasks.wait.siblings.poll_interval        200ms
tasks.wait.siblings.timeout              30s
temporal.host_port                       localhost:7233
temporal.mode                            remote
temporal.namespace                       default
temporal.task_queue                      compozy-tasks
webhooks.default_dedupe_ttl              10m0s
webhooks.default_max_body                1048576
webhooks.default_method                  POST
webhooks.stripe_skew                     5m0s
worker.config_store_ttl                  24h0m0s
worker.dispatcher.heartbeat_ttl          5m0s
worker.dispatcher.stale_threshold        2m0s
worker.dispatcher_max_retries            2
worker.dispatcher_retry_delay            50ms
worker.heartbeat_cleanup_timeout         5s
worker.mcp_proxy_health_check_timeout    10s
worker.mcp_shutdown_timeout              30s
worker.start_workflow_timeout            5s
